../source/led.c:35:6:set15MHz	8	static
../source/led.c:83:6:led_init	8	static
../source/led.c:126:6:delay	24	static
../source/led.c:136:6:red_on	8	static
../source/led.c:140:6:red_off	8	static
../source/led.c:143:6:red_toggle	8	static
../source/led.c:147:6:blue_on	8	static
../source/led.c:151:6:blue_off	8	static
../source/led.c:154:6:blue_toggle	8	static
../source/led.c:158:6:green_on	8	static
../source/led.c:162:6:green_off	8	static
../source/led.c:165:6:green_toggle	8	static
../source/led.c:169:6:led0_off	8	static
../source/led.c:179:6:red_on_frdm	8	static
../source/led.c:182:6:red_off_frdm	8	static
../source/led.c:185:6:red_toggle_frdm	8	static
../source/led.c:192:6:green_on_frdm	8	static
../source/led.c:195:6:green_off_frdm	8	static
../source/led.c:198:6:green_toggle_frdm	8	static
